// Jest Snapshot v1, https://goo.gl/fbAQLP

exports[`Checks if VideoPlayer renders correctly 1`] = `
<video
  height="175"
  muted={true}
  poster="img/bohemian-rhapsody.jpg"
  src="https://upload.wikimedia.org/wikipedia/commons/transcoded/b/b3/Big_Buck_Bunny_Trailer_400p.ogv/Big_Buck_Bunny_Trailer_400p.ogv.360p.webm"
  width="280"
/>
`;
